../Core/Src/main.c:78:6:delay_us	16	static
../Core/Src/main.c:85:6:Set_Pin_Output	40	static
../Core/Src/main.c:94:6:Set_Pin_Input	40	static
../Core/Src/main.c:104:6:DHT11_Start	8	static
../Core/Src/main.c:114:9:DHT11_Check_Response	16	static
../Core/Src/main.c:132:9:DHT11_Read	16	static
../Core/Src/main.c:161:5:main	8	static
../Core/Src/main.c:186:6:SystemClock_Config	88	static
../Core/Src/main.c:221:13:MX_I2C2_Init	8	static
../Core/Src/main.c:238:13:MX_TIM2_Init	32	static
../Core/Src/main.c:266:13:MX_USART2_UART_Init	8	static
../Core/Src/main.c:282:13:MX_GPIO_Init	48	static
../Core/Src/main.c:330:6:StartSensorTask	152	static
../Core/Src/main.c:401:6:StartDisplayTask	48	static
../Core/Src/main.c:437:6:HAL_TIM_PeriodElapsedCallback	16	static
../Core/Src/main.c:444:6:Error_Handler	4	static,ignoring_inline_asm
