../Core/Src/main.c:78:6:delay_us	2
../Core/Src/main.c:85:6:Set_Pin_Output	1
../Core/Src/main.c:94:6:Set_Pin_Input	1
../Core/Src/main.c:104:6:DHT11_Start	1
../Core/Src/main.c:114:9:DHT11_Check_Response	5
../Core/Src/main.c:132:9:DHT11_Read	7
../Core/Src/main.c:161:5:main	1
../Core/Src/main.c:186:6:SystemClock_Config	3
../Core/Src/main.c:221:13:MX_I2C2_Init	2
../Core/Src/main.c:238:13:MX_TIM2_Init	4
../Core/Src/main.c:266:13:MX_USART2_UART_Init	2
../Core/Src/main.c:282:13:MX_GPIO_Init	1
../Core/Src/main.c:330:6:StartSensorTask	11
../Core/Src/main.c:401:6:StartDisplayTask	2
../Core/Src/main.c:437:6:HAL_TIM_PeriodElapsedCallback	2
../Core/Src/main.c:444:6:Error_Handler	1
